 gdb a.out
GNU gdb (Ubuntu 8.1.1-0ubuntu1) 8.1.1
Copyright (C) 2018 Free Software Foundation, Inc.
License GPLv3+: GNU GPL version 3 or later <http://gnu.org/licenses/gpl.html>
This is free software: you are free to change and redistribute it.
There is NO WARRANTY, to the extent permitted by law.  Type "show copying"
and "show warranty" for details.
This GDB was configured as "x86_64-linux-gnu".
îº§ gdb a.out
GNU gdb (Ubuntu 8.1.1-0ubuntu1) 8.1.1
Copyright (C) 2018 Free Software Foundation, Inc.
License GPLv3+: GNU GPL version 3 or later <http://gnu.org/licenses/gpl.html>
This is free software: you are free to change and redistribute it.
There is NO WARRANTY, to the extent permitted by law.  Type "show copying"
and "show warranty" for details.
This GDB was configured as "x86_64-linux-gnu".
Type "show configuration" for configuration details.
For bug reporting instructions, please see:
<http://www.gnu.org/software/gdb/bugs/>.
Find the GDB manual and other documentation resources online at:
<http://www.gnu.org/software/gdb/documentation/>.
For help, type "help".
Type "apropos word" to search for commands related to "word"...
Reading symbols from a.out...done.
(gdb) b main
Breakpoint 1 at 0x845: file p2final.c, line 28.
(gdb) r
Starting program: /home/runner/IA2-Test1-Session2/a.out 
warning: Error disabling address space randomization: Operation not permitted

Breakpoint 1, main () at p2final.c:28
28    l=input_side();
(gdb) s
input_side () at p2final.c:3
3   {
(gdb) n
5     printf("enter the side:\n");
(gdb) n
enter the side:
6     scanf("%d",&n);
(gdb) n
4
7     return n;
(gdb) p n
$1 = 4
(gdb) n
8   }
(gdb) n
main () at p2final.c:29
29    m=input_side();
(gdb) s
input_side () at p2final.c:3
3   {
(gdb) n
5     printf("enter the side:\n");
(gdb) n
enter the side:
6     scanf("%d",&n);
(gdb) n
5
7     return n;
(gdb) p n
$2 = 5
(gdb) n
8   }
(gdb) n
main () at p2final.c:30
30    n=input_side();
(gdb) s
input_side () at p2final.c:3
3   {
(gdb) n
5     printf("enter the side:\n");
(gdb) n
enter the side:
6     scanf("%d",&n);
(gdb) n
5
7     return n;
(gdb) n
8   }
(gdb) n
main () at p2final.c:31
31    o=check_scalene(l,m,n);
(gdb) s
check_scalene (a=4, b=5, c=5) at p2final.c:11
11    int i=0;
(gdb) n
12    if(a!=b && b!=c && c!=a)
(gdb) n
14    return i;
(gdb) n
15  }
(gdb) p i
$3 = 0
(gdb) n
main () at p2final.c:32
32    output(l,m,n,o);
(gdb) s
output (a=4, b=5, c=5, isscalene=0) at p2final.c:18
18    if(isscalene>0)
(gdb) n
23     printf("It is not scalene\n");
(gdb) n
It is not scalene
24  }
(gdb) n
main () at p2final.c:33
33    return 0;
(gdb) n
34  }(gdb) c
Continuing.
[Inferior 1 (process 363) exited normally]
(gdb) q